C51 COMPILER V9.03   ENCODERS                                                              05/13/2012 22:25:52 PAGE 1   


C51 COMPILER V9.03, COMPILATION OF MODULE ENCODERS
OBJECT MODULE PLACED IN .\DP8051\DP8051_Keil_903\Debug\encoders.obj
COMPILER INVOKED BY: C:\Program Files\Cypress\PSoC Creator\2.0\PSoC Creator\import\keil\pk51\9.03\C51\BIN\c51.exe .\enco
                    -ders.c NOIV LARGE MODDP2 OMF2 VB(1) PR(.\DP8051\DP8051_Keil_903\Debug\encoders.lst) CD DB NOIP OT(2,SIZE) INCDIR(Generat
                    -ed_Source\PSoC3) OJ(.\DP8051\DP8051_Keil_903\Debug\encoders.obj)

line level    source

   1          #include <string.h>
   2          #include <quaddec_right.h>
   3          #include <quaddec_left.h>
   4          #include "encoders.h"
   5          
   6          void encoders_init(struct wheels* encoders)
   7          {
   8   1              memset(encoders, 0, sizeof(struct wheels));
   9   1              quaddec_right_Start();
  10   1              quaddec_left_Start();
  11   1              quaddec_right_SetCounter(0);
  12   1              quaddec_left_SetCounter(0);
  13   1      }
  14          
  15          void encoders_read(struct wheels* encoders)
  16          {
  17   1              encoders->left = quaddec_left_GetCounter();
  18   1              encoders->right = quaddec_right_GetCounter();
  19   1      }
  20          
  21          void encoders_stop(void)
  22          {
  23   1              quaddec_right_Stop();
  24   1              quaddec_left_Stop(); 
  25   1      }
C51 COMPILER V9.03   ENCODERS                                                              05/13/2012 22:25:52 PAGE 2   

ASSEMBLY LISTING OF GENERATED OBJECT CODE


             ; FUNCTION _encoders_init (BEGIN)
                                           ; SOURCE LINE # 6
0000 900000      R     MOV     DPTR,#encoders
0003 120000      E     LCALL   ?C?PSTXDATA
                                           ; SOURCE LINE # 7
                                           ; SOURCE LINE # 8
0006 7E00              MOV     R6,#00H
0008 7F08              MOV     R7,#08H
000A 7D00              MOV     R5,#00H
000C 900000      R     MOV     DPTR,#encoders
000F 120000      E     LCALL   ?C?PLDXDATA
0012 120000      E     LCALL   ?C?MEMSET
                                           ; SOURCE LINE # 9
0015 120000      E     LCALL   quaddec_right_Start
                                           ; SOURCE LINE # 10
0018 120000      E     LCALL   quaddec_left_Start
                                           ; SOURCE LINE # 11
001B 7F00              MOV     R7,#00H
001D 7E00              MOV     R6,#00H
001F 7D00              MOV     R5,#00H
0021 7C00              MOV     R4,#00H
0023 120000      E     LCALL   _quaddec_right_SetCounter
                                           ; SOURCE LINE # 12
0026 7F00              MOV     R7,#00H
0028 7E00              MOV     R6,#00H
002A 7D00              MOV     R5,#00H
002C 7C00              MOV     R4,#00H
002E 120000      E     LCALL   _quaddec_left_SetCounter
                                           ; SOURCE LINE # 13
0031 22                RET     
             ; FUNCTION _encoders_init (END)

             ; FUNCTION _encoders_read (BEGIN)
                                           ; SOURCE LINE # 15
0000 900000      R     MOV     DPTR,#encoders
0003 120000      E     LCALL   ?C?PSTXDATA
                                           ; SOURCE LINE # 16
                                           ; SOURCE LINE # 17
0006 120000      E     LCALL   quaddec_left_GetCounter
0009 900000      R     MOV     DPTR,#encoders
000C 120000      E     LCALL   ?C?PLDXDATA
000F 120000      E     LCALL   ?C?LSTPTR
                                           ; SOURCE LINE # 18
0012 120000      E     LCALL   quaddec_right_GetCounter
0015 900000      R     MOV     DPTR,#encoders
0018 120000      E     LCALL   ?C?PLDXDATA
001B E9                MOV     A,R1
001C 2404              ADD     A,#04H
001E F9                MOV     R1,A
001F EA                MOV     A,R2
0020 3400              ADDC    A,#00H
0022 FA                MOV     R2,A
0023 120000      E     LCALL   ?C?LSTPTR
                                           ; SOURCE LINE # 19
0026 22                RET     
             ; FUNCTION _encoders_read (END)

             ; FUNCTION encoders_stop (BEGIN)
                                           ; SOURCE LINE # 21
C51 COMPILER V9.03   ENCODERS                                                              05/13/2012 22:25:52 PAGE 3   

                                           ; SOURCE LINE # 22
                                           ; SOURCE LINE # 23
0000 120000      E     LCALL   quaddec_right_Stop
                                           ; SOURCE LINE # 24
0003 120000      E     LCALL   quaddec_left_Stop
                                           ; SOURCE LINE # 25
0006 22                RET     
             ; FUNCTION encoders_stop (END)



MODULE INFORMATION:   STATIC OVERLAYABLE
   CODE SIZE        =     96    ----
   CONSTANT SIZE    =   ----    ----
   XDATA SIZE       =   ----       6
   PDATA SIZE       =   ----    ----
   DATA SIZE        =   ----    ----
   IDATA SIZE       =   ----    ----
   BIT SIZE         =   ----    ----
   EDATA SIZE       =   ----    ----
   HDATA SIZE       =   ----    ----
   XDATA CONST SIZE =   ----    ----
   FAR CONST SIZE   =   ----    ----
END OF MODULE INFORMATION.


C51 COMPILATION COMPLETE.  0 WARNING(S),  0 ERROR(S)
