C51 COMPILER V9.03   QUADDEC_RIGHT_PM                                                      05/13/2012 22:25:55 PAGE 1   


C51 COMPILER V9.03, COMPILATION OF MODULE QUADDEC_RIGHT_PM
OBJECT MODULE PLACED IN .\DP8051\DP8051_Keil_903\Debug\quaddec_right_PM.obj
COMPILER INVOKED BY: C:\Program Files\Cypress\PSoC Creator\2.0\PSoC Creator\import\keil\pk51\9.03\C51\BIN\c51.exe .\Gene
                    -rated_Source\PSoC3\quaddec_right_PM.c NOIV LARGE MODDP2 OMF2 VB(1) PR(.\DP8051\DP8051_Keil_903\Debug\quaddec_right_PM.ls
                    -t) CD DB NOIP OT(2,SIZE) INCDIR(Generated_Source\PSoC3) OJ(.\DP8051\DP8051_Keil_903\Debug\quaddec_right_PM.obj)

line level    source

   1          /*******************************************************************************
   2          * File Name: quaddec_right_PM.c
   3          * Version 1.50
   4          *
   5          * Description:
   6          *  This file contains the setup, control and status commands to support 
   7          *  component operations in low power mode.  
   8          *
   9          * Note:
  10          *  None.
  11          *
  12          ********************************************************************************
  13          * Copyright 2008-2010, Cypress Semiconductor Corporation.  All rights reserved.
  14          * You may use this file only in accordance with the license, terms, conditions,
  15          * disclaimers, and limitations in the end user license agreement accompanying
  16          * the software package with which this file was provided.
  17          *******************************************************************************/
  18          
  19          #include "quaddec_right.h"
  20          
  21          static quaddec_right_BACKUP_STRUCT quaddec_right_backup = {0u};
  22          
  23          
  24          /*******************************************************************************
  25          * Function Name: quaddec_right_SaveConfig
  26          ********************************************************************************
  27          * Summary:
  28          *  Saves the current user configuration of the component.
  29          *
  30          * Parameters:
  31          *  None.
  32          *
  33          * Return:
  34          *  None.
  35          *
  36          *******************************************************************************/
  37          void quaddec_right_SaveConfig(void) 
  38          {
  39   1          #if (quaddec_right_COUNTER_SIZE == 8u)
                      quaddec_right_Cnt8_SaveConfig();
                  #else /* (quaddec_right_COUNTER_SIZE == 16u) || (quaddec_right_COUNTER_SIZE == 32u) */
  42   1              quaddec_right_Cnt16_SaveConfig();                                          
  43   1          #endif /* (quaddec_right_COUNTER_SIZE == 8u) */
  44   1      }
  45          
  46          
  47          /*******************************************************************************
  48          * Function Name: quaddec_right_RestoreConfig
  49          ********************************************************************************
  50          * Summary:
  51          *  Restores the current user configuration of the component.
  52          *
  53          * Parameters:
C51 COMPILER V9.03   QUADDEC_RIGHT_PM                                                      05/13/2012 22:25:55 PAGE 2   

  54          *  None.
  55          *
  56          * Return:
  57          *  None.
  58          *
  59          *******************************************************************************/
  60          void quaddec_right_RestoreConfig(void) 
  61          {
  62   1          #if (quaddec_right_COUNTER_SIZE == 8u)
                      quaddec_right_Cnt8_RestoreConfig();
                  #else /* (quaddec_right_COUNTER_SIZE == 16u) || (quaddec_right_COUNTER_SIZE == 32u) */
  65   1              quaddec_right_Cnt16_RestoreConfig();                                          
  66   1          #endif /* (quaddec_right_COUNTER_SIZE == 8u) */
  67   1      }
  68          
  69          
  70          /*******************************************************************************
  71          * Function Name: quaddec_right_Sleep
  72          ********************************************************************************
  73          * 
  74          * Summary:
  75          *  Prepare Quadrature Decoder Component goes to sleep.
  76          *
  77          * Parameters:  
  78          *  None.  
  79          *
  80          * Return: 
  81          *  None.
  82          *
  83          * Global Variables:
  84          *  quaddec_right_backup - modified when non-retention registers are saved.
  85          *
  86          * Reentrant:
  87          *  No.
  88          *
  89          *******************************************************************************/
  90          void quaddec_right_Sleep(void)
  91          {   
  92   1          if((quaddec_right_SR_AUX_CONTROL & quaddec_right_INTERRUPTS_ENABLE) == quaddec_right_INTERRUPTS_ENABLE
             -)
  93   1          {
  94   2              quaddec_right_backup.enableState = 1u;
  95   2          }
  96   1          else /* The Quadrature Decoder Component is disabled */
  97   1          {
  98   2              quaddec_right_backup.enableState = 0u;
  99   2          }
 100   1          
 101   1          quaddec_right_Stop();
 102   1          
 103   1          quaddec_right_SaveConfig();
 104   1      }
 105          
 106          
 107          /*******************************************************************************
 108          * Function Name: quaddec_right_Wakeup
 109          ********************************************************************************
 110          * 
 111          * Summary:
 112          *  Prepare Quadrature Decoder Component to wake up.
 113          *
 114          * Parameters:  
C51 COMPILER V9.03   QUADDEC_RIGHT_PM                                                      05/13/2012 22:25:55 PAGE 3   

 115          *  None.
 116          *
 117          * Return: 
 118          *  None.
 119          *
 120          * Global Variables:
 121          *  quaddec_right_backup - used when non-retention registers are restored.
 122          *
 123          *******************************************************************************/
 124          void quaddec_right_Wakeup(void) 
 125          {             
 126   1          quaddec_right_RestoreConfig();
 127   1          
 128   1          if(quaddec_right_backup.enableState != 0u)
 129   1          {       
 130   2              #if (quaddec_right_COUNTER_SIZE == 8u)
                          quaddec_right_Cnt8_Enable();
                      #else /* (quaddec_right_COUNTER_SIZE == 16u) || (quaddec_right_COUNTER_SIZE == 32u) */
 133   2                  quaddec_right_Cnt16_Enable();                                          
 134   2              #endif /* (quaddec_right_COUNTER_SIZE == 8u) */
 135   2              
 136   2              /* Enable component's operation */
 137   2              quaddec_right_Enable();
 138   2          } /* Do nothing if component's block was disabled before */
 139   1      }
 140          
 141          
 142          /* [] END OF FILE */
 143          
C51 COMPILER V9.03   QUADDEC_RIGHT_PM                                                      05/13/2012 22:25:55 PAGE 4   

ASSEMBLY LISTING OF GENERATED OBJECT CODE


             ; FUNCTION quaddec_right_SaveConfig (BEGIN)
                                           ; SOURCE LINE # 37
                                           ; SOURCE LINE # 38
                                           ; SOURCE LINE # 42
0000 120000      E     LCALL   quaddec_right_Cnt16_SaveConfig
                                           ; SOURCE LINE # 44
0003 22                RET     
             ; FUNCTION quaddec_right_SaveConfig (END)

             ; FUNCTION quaddec_right_RestoreConfig (BEGIN)
                                           ; SOURCE LINE # 60
                                           ; SOURCE LINE # 61
                                           ; SOURCE LINE # 65
0000 120000      E     LCALL   quaddec_right_Cnt16_RestoreConfig
                                           ; SOURCE LINE # 67
0003 22                RET     
             ; FUNCTION quaddec_right_RestoreConfig (END)

             ; FUNCTION quaddec_right_Sleep (BEGIN)
                                           ; SOURCE LINE # 90
                                           ; SOURCE LINE # 91
                                           ; SOURCE LINE # 92
0000 906497            MOV     DPTR,#06497H
0003 E0                MOVX    A,@DPTR
0004 FF                MOV     R7,A
0005 EF                MOV     A,R7
0006 5410              ANL     A,#010H
0008 FF                MOV     R7,A
0009 7E00              MOV     R6,#00H
000B EF                MOV     A,R7
000C 6410              XRL     A,#010H
000E 4E                ORL     A,R6
000F 7008              JNZ     ?C0003
                                           ; SOURCE LINE # 93
                                           ; SOURCE LINE # 94
0011 900000      R     MOV     DPTR,#quaddec_right_backup
0014 7401              MOV     A,#01H
0016 F0                MOVX    @DPTR,A
                                           ; SOURCE LINE # 95
0017 8005              SJMP    ?C0004
0019         ?C0003:
                                           ; SOURCE LINE # 97
                                           ; SOURCE LINE # 98
0019 900000      R     MOV     DPTR,#quaddec_right_backup
001C E4                CLR     A
001D F0                MOVX    @DPTR,A
                                           ; SOURCE LINE # 99
001E         ?C0004:
                                           ; SOURCE LINE # 101
001E 120000      E     LCALL   quaddec_right_Stop
                                           ; SOURCE LINE # 103
0021 120000      R     LCALL   quaddec_right_SaveConfig
                                           ; SOURCE LINE # 104
0024 22                RET     
             ; FUNCTION quaddec_right_Sleep (END)

             ; FUNCTION quaddec_right_Wakeup (BEGIN)
                                           ; SOURCE LINE # 124
                                           ; SOURCE LINE # 125
C51 COMPILER V9.03   QUADDEC_RIGHT_PM                                                      05/13/2012 22:25:55 PAGE 5   

                                           ; SOURCE LINE # 126
0000 120000      R     LCALL   quaddec_right_RestoreConfig
                                           ; SOURCE LINE # 128
0003 900000      R     MOV     DPTR,#quaddec_right_backup
0006 E0                MOVX    A,@DPTR
0007 FF                MOV     R7,A
0008 EF                MOV     A,R7
0009 6006              JZ      ?C0007
                                           ; SOURCE LINE # 129
                                           ; SOURCE LINE # 133
000B 120000      E     LCALL   quaddec_right_Cnt16_Enable
                                           ; SOURCE LINE # 137
000E 120000      E     LCALL   quaddec_right_Enable
                                           ; SOURCE LINE # 138
                                           ; SOURCE LINE # 139
0011         ?C0007:
0011 22                RET     
             ; FUNCTION quaddec_right_Wakeup (END)



MODULE INFORMATION:   STATIC OVERLAYABLE
   CODE SIZE        =     63    ----
   CONSTANT SIZE    =   ----    ----
   XDATA SIZE       =      1    ----
   PDATA SIZE       =   ----    ----
   DATA SIZE        =   ----    ----
   IDATA SIZE       =   ----    ----
   BIT SIZE         =   ----    ----
   EDATA SIZE       =   ----    ----
   HDATA SIZE       =   ----    ----
   XDATA CONST SIZE =   ----    ----
   FAR CONST SIZE   =   ----    ----
END OF MODULE INFORMATION.


C51 COMPILATION COMPLETE.  0 WARNING(S),  0 ERROR(S)
